LandorusPokemon 1 from the team Black enters the battle!
FlygonPokemon 4 from the team White enters the battle!
LandorusPokemon 1 uses Sludge Wave.
FlygonPokemon 4 loses 16 hit points.

FlygonPokemon 4 uses Rest!.
FlygonPokemon 4 is sleeping

LandorusPokemon 1 uses Rest!.
LandorusPokemon 1 is sleeping

FlygonPokemon 4 uses Rock Slide.
LandorusPokemon 1 loses 25 hit points.

LandorusPokemon 1 uses Rock Tomb.
FlygonPokemon 4 loses 9 hit points.
FlygonPokemon 4 decreases speed.

FlygonPokemon 4 uses Facade.
LandorusPokemon 1 loses 14 hit points.

FlygonPokemon 4 uses Rest!.
FlygonPokemon 4 is sleeping

LandorusPokemon 1 uses Rock Tomb.
FlygonPokemon 4 loses 12 hit points.
FlygonPokemon 4 decreases speed.

FlygonPokemon 4 uses Rest!.
FlygonPokemon 4 is sleeping

LandorusPokemon 1 uses Stone Edge.
FlygonPokemon 4 loses 23 hit points.

LandorusPokemon 1 uses Stone Edge.
FlygonPokemon 4 loses 19 hit points.

FlygonPokemon 4 uses Rest!.
FlygonPokemon 4 is sleeping

LandorusPokemon 1 uses Sludge Wave.
FlygonPokemon 4 loses 12 hit points.

FlygonPokemon 4 uses Facade.
Critical hit!
LandorusPokemon 1 loses 32 hit points.

LandorusPokemon 1 uses Rest!.
LandorusPokemon 1 is sleeping

FlygonPokemon 4 uses Rock Slide.
LandorusPokemon 1 loses 18 hit points.

FlygonPokemon 4 uses Bug Buzz.
LandorusPokemon 1 loses 11 hit points.


LandorusPokemon 1 uses Stone Edge.
FlygonPokemon 4 loses 12 hit points.

FlygonPokemon 4 uses Rest!.
FlygonPokemon 4 is sleeping

LandorusPokemon 1 uses Stone Edge.
FlygonPokemon 4 loses 22 hit points.

FlygonPokemon 4 uses Rock Slide.
LandorusPokemon 1 loses 18 hit points.

LandorusPokemon 1 uses Rest!.
LandorusPokemon 1 is sleeping

FlygonPokemon 4 uses Facade.
Critical hit!
LandorusPokemon 1 loses 28 hit points.

LandorusPokemon 1 uses Rest!.
LandorusPokemon 1 is sleeping

FlygonPokemon 4 uses Bug Buzz.
LandorusPokemon 1 loses 12 hit points.

LandorusPokemon 1 uses Rock Tomb.
FlygonPokemon 4 loses 8 hit points.
FlygonPokemon 4 decreases speed.

FlygonPokemon 4 uses Facade.
LandorusPokemon 1 loses 24 hit points.

FlygonPokemon 4 uses Rest!.
FlygonPokemon 4 is sleeping

LandorusPokemon 1 uses Rock Tomb.
Critical hit!
FlygonPokemon 4 loses 17 hit points.
FlygonPokemon 4 decreases speed.

FlygonPokemon 4 uses Bug Buzz.
Critical hit!
LandorusPokemon 1 loses 17 hit points.

LandorusPokemon 1 uses Rest!.
LandorusPokemon 1 is sleeping

FlygonPokemon 4 uses Bug Buzz.
LandorusPokemon 1 loses 13 hit points.

LandorusPokemon 1 uses Stone Edge.
FlygonPokemon 4 loses 14 hit points.

FlygonPokemon 4 uses Facade.
Critical hit!
LandorusPokemon 1 loses 33 hit points.

LandorusPokemon 1 uses Sludge Wave.
FlygonPokemon 4 loses 14 hit points.

FlygonPokemon 4 uses Rest!.
FlygonPokemon 4 is sleeping

LandorusPokemon 1 uses Rest!.
LandorusPokemon 1 is sleeping

LandorusPokemon 1 uses Rest!.
LandorusPokemon 1 is sleeping

FlygonPokemon 4 uses Rest!.
FlygonPokemon 4 is sleeping

LandorusPokemon 1 uses Sludge Wave.
FlygonPokemon 4 loses 19 hit points.

FlygonPokemon 4 uses Bug Buzz.
Critical hit!
LandorusPokemon 1 loses 17 hit points.

LandorusPokemon 1 uses Rock Tomb.
FlygonPokemon 4 loses 13 hit points.
FlygonPokemon 4 decreases speed.

FlygonPokemon 4 uses Rock Slide.
LandorusPokemon 1 loses 16 hit points.

FlygonPokemon 4 uses Rock Slide.
Critical hit!
LandorusPokemon 1 loses 33 hit points.


FlygonPokemon 4 uses Rock Slide.
Critical hit!
LandorusPokemon 1 loses 54 hit points.

LandorusPokemon 1 uses Rest!.
LandorusPokemon 1 is sleeping

FlygonPokemon 4 uses Facade.
LandorusPokemon 1 loses 21 hit points.

LandorusPokemon 1 uses Stone Edge.
FlygonPokemon 4 loses 14 hit points.

FlygonPokemon 4 uses Bug Buzz.
Critical hit!
LandorusPokemon 1 loses 15 hit points.

LandorusPokemon 1 uses Sludge Wave.
FlygonPokemon 4 loses 15 hit points.

FlygonPokemon 4 uses Rock Slide.
Critical hit!
LandorusPokemon 1 loses 47 hit points.

LandorusPokemon 1 uses Stone Edge.
FlygonPokemon 4 loses 18 hit points.

FlygonPokemon 4 uses Facade.
LandorusPokemon 1 loses 21 hit points.

LandorusPokemon 1 uses Rock Tomb.
FlygonPokemon 4 loses 9 hit points.
FlygonPokemon 4 decreases speed.

FlygonPokemon 4 uses Bug Buzz.
Critical hit!
LandorusPokemon 1 loses 29 hit points.

LandorusPokemon 1 uses Sludge Wave.
FlygonPokemon 4 loses 16 hit points.

FlygonPokemon 4 uses Rest!.
FlygonPokemon 4 is sleeping

LandorusPokemon 1 uses Sludge Wave.
FlygonPokemon 4 loses 16 hit points.

LandorusPokemon 1 uses Rock Tomb.
FlygonPokemon 4 loses 13 hit points.
FlygonPokemon 4 decreases speed.

FlygonPokemon 4 uses Bug Buzz.
LandorusPokemon 1 loses 9 hit points.

FlygonPokemon 4 uses Facade.
LandorusPokemon 1 loses 21 hit points.
LandorusPokemon 1 faints.
TrapinchPokemon 2 from the team Black enters the battle!
FlygonPokemon 4 uses Rock Slide.
Critical hit!
TrapinchPokemon 2 loses 48 hit points.

TrapinchPokemon 2 uses Facade.
FlygonPokemon 4 loses 19 hit points.

FlygonPokemon 4 uses Bug Buzz.
TrapinchPokemon 2 loses 50 hit points.
TrapinchPokemon 2 faints.
MeowsticMalePokemon 3 from the team Black enters the battle!
FlygonPokemon 4 uses Bug Buzz.
MeowsticMalePokemon 3 loses 47 hit points.

MeowsticMalePokemon 3 uses Charm.
FlygonPokemon 4 decreases attack.

FlygonPokemon 4 uses Rest!.
FlygonPokemon 4 is sleeping

MeowsticMalePokemon 3 uses Dream Eater.
FlygonPokemon 4 loses 32 hit points.
MeowsticMalePokemon 3 restores 16 hit points.

MeowsticMalePokemon 3 uses Energy Ball.
FlygonPokemon 4 loses 17 hit points.
FlygonPokemon 4 decreases special defense.

FlygonPokemon 4 uses Bug Buzz.
MeowsticMalePokemon 3 loses 42 hit points.

MeowsticMalePokemon 3 uses Energy Ball.
FlygonPokemon 4 loses 12 hit points.

FlygonPokemon 4 uses Rock Slide.
Critical hit!
MeowsticMalePokemon 3 loses 46 hit points.

FlygonPokemon 4 uses Facade.
Critical hit!
MeowsticMalePokemon 3 loses 43 hit points.
MeowsticMalePokemon 3 faints.
Team Black loses its last Pokemon.
The team White wins the battle!